[17Feb2026 00:18:07.825] [Server thread/INFO] [statecraft_economy/]: Beginning tax collection cycle...
[17Feb2026 00:18:07.838] [Server thread/INFO] [statecraft_economy/]: Processing city e60e5243-4f1a-4d4e-a2f2-a38d581090f4 with tax rate: 0.1 (10.0%)
[17Feb2026 00:18:07.838] [Server thread/INFO] [statecraft_economy/]: Tax calculation for chunk (0, -1) dim='minecraft:overworld': base=10000.0, loc=1.4984, biome=1.2, demand=1.5, gov=1.0, imp=4.41x (score=341), total=118942.99199999998, rate=0.1, tax=11894.2992
[17Feb2026 00:18:07.838] [Server thread/INFO] [statecraft_economy/]: Tax calculation for chunk (0, -2) dim='minecraft:overworld': base=10000.0, loc=1.4968, biome=1.2, demand=1.5, gov=1.0, imp=6.0200000000000005x (score=502), total=162193.248, rate=0.1, tax=16219.3248
[17Feb2026 00:18:07.839] [Server thread/INFO] [statecraft_economy/]: Tax calculation for chunk (2, -2) dim='minecraft:overworld': base=10000.0, loc=1.4954745166004062, biome=1.2, demand=1.5, gov=1.0, imp=5.96x (score=496), total=160434.50614089158, rate=0.1, tax=16043.450614089159
[17Feb2026 00:18:07.839] [Server thread/INFO] [statecraft_economy/]: Tax calculation for chunk (1, -1) dim='minecraft:overworld': base=10000.0, loc=1.497737258300203, biome=1.2, demand=1.5, gov=1.0, imp=5.64x (score=464), total=152050.2864626366, rate=0.1, tax=15205.028646263661
[17Feb2026 00:18:07.839] [Server thread/INFO] [statecraft_economy/]: Processing 1 cities for tax revenue mail
[17Feb2026 00:18:07.839] [Server thread/INFO] [statecraft_economy/]: City e60e5243-4f1a-4d4e-a2f2-a38d581090f4 has revenue: $59362.103260352815
[17Feb2026 00:18:07.839] [Server thread/INFO] [statecraft_economy/]: City keeps: $47489.68260828225, passes to state: $11872.420652070563
[17Feb2026 00:18:07.839] [Server thread/INFO] [statecraft_economy/]: Sending tax revenue mail to city: City1 (ID: e60e5243-4f1a-4d4e-a2f2-a38d581090f4)
[17Feb2026 00:18:07.840] [Server thread/INFO] [statecraft_economy/]: Sent tax revenue report to city City1 - collected: $59362.103260352815, kept: $47489.68260828225
[17Feb2026 00:18:07.840] [Server thread/INFO] [statecraft_economy/]: Sent tax revenue report to state State1 - received: $11872.420652070563, kept: $9497.936521656451
[17Feb2026 00:18:07.840] [Server thread/INFO] [statecraft_economy/]: Sent tax revenue report to nation Nation1 - received: $2374.4841304141128
[17Feb2026 00:18:07.841] [Server thread/INFO] [statecraft_economy/]: Tax collection complete: 4 chunks processed, $59362.10 collected, 0 negative balances, 0 repossessed
[17Feb2026 01:18:07.825] [Server thread/INFO] [statecraft_economy/]: Beginning tax collection cycle...
[17Feb2026 01:18:07.826] [Server thread/INFO] [statecraft_economy/]: Processing city e60e5243-4f1a-4d4e-a2f2-a38d581090f4 with tax rate: 0.1 (10.0%)
[17Feb2026 01:18:07.826] [Server thread/INFO] [statecraft_economy/]: Tax calculation for chunk (0, -1) dim='minecraft:overworld': base=10000.0, loc=1.4984, biome=1.2, demand=1.5, gov=1.0, imp=4.41x (score=341), total=118942.99199999998, rate=0.1, tax=11894.2992
[17Feb2026 01:18:07.826] [Server thread/INFO] [statecraft_economy/]: Tax calculation for chunk (0, -2) dim='minecraft:overworld': base=10000.0, loc=1.4968, biome=1.2, demand=1.5, gov=1.0, imp=6.0200000000000005x (score=502), total=162193.248, rate=0.1, tax=16219.3248
[17Feb2026 01:18:07.826] [Server thread/INFO] [statecraft_economy/]: Tax calculation for chunk (2, -2) dim='minecraft:overworld': base=10000.0, loc=1.4954745166004062, biome=1.2, demand=1.5, gov=1.0, imp=5.96x (score=496), total=160434.50614089158, rate=0.1, tax=16043.450614089159
[17Feb2026 01:18:07.826] [Server thread/INFO] [statecraft_economy/]: Tax calculation for chunk (1, -1) dim='minecraft:overworld': base=10000.0, loc=1.497737258300203, biome=1.2, demand=1.5, gov=1.0, imp=5.64x (score=464), total=152050.2864626366, rate=0.1, tax=15205.028646263661
[17Feb2026 01:18:07.826] [Server thread/INFO] [statecraft_economy/]: Processing 1 cities for tax revenue mail
[17Feb2026 01:18:07.826] [Server thread/INFO] [statecraft_economy/]: City e60e5243-4f1a-4d4e-a2f2-a38d581090f4 has revenue: $59362.103260352815
[17Feb2026 01:18:07.827] [Server thread/INFO] [statecraft_economy/]: City keeps: $47489.68260828225, passes to state: $11872.420652070563
[17Feb2026 01:18:07.827] [Server thread/INFO] [statecraft_economy/]: Sending tax revenue mail to city: City1 (ID: e60e5243-4f1a-4d4e-a2f2-a38d581090f4)
[17Feb2026 01:18:07.827] [Server thread/INFO] [statecraft_economy/]: Sent tax revenue report to city City1 - collected: $59362.103260352815, kept: $47489.68260828225
[17Feb2026 01:18:07.827] [Server thread/INFO] [statecraft_economy/]: Sent tax revenue report to state State1 - received: $11872.420652070563, kept: $9497.936521656451
[17Feb2026 01:18:07.828] [Server thread/INFO] [statecraft_economy/]: Sent tax revenue report to nation Nation1 - received: $2374.4841304141128
[17Feb2026 01:18:07.828] [Server thread/INFO] [statecraft_economy/]: Tax collection complete: 4 chunks processed, $59362.10 collected, 0 negative balances, 0 repossessed
[17Feb2026 02:18:07.833] [Server thread/INFO] [statecraft_economy/]: Beginning tax collection cycle...
[17Feb2026 02:18:07.836] [Server thread/INFO] [statecraft_economy/]: Processing city e60e5243-4f1a-4d4e-a2f2-a38d581090f4 with tax rate: 0.1 (10.0%)
[17Feb2026 02:18:07.836] [Server thread/INFO] [statecraft_economy/]: Tax calculation for chunk (0, -1) dim='minecraft:overworld': base=10000.0, loc=1.4984, biome=1.2, demand=1.5, gov=1.0, imp=4.41x (score=341), total=118942.99199999998, rate=0.1, tax=11894.2992
[17Feb2026 02:18:07.836] [Server thread/INFO] [statecraft_economy/]: Tax calculation for chunk (0, -2) dim='minecraft:overworld': base=10000.0, loc=1.4968, biome=1.2, demand=1.5, gov=1.0, imp=6.0200000000000005x (score=502), total=162193.248, rate=0.1, tax=16219.3248
[17Feb2026 02:18:07.836] [Server thread/INFO] [statecraft_economy/]: Tax calculation for chunk (2, -2) dim='minecraft:overworld': base=10000.0, loc=1.4954745166004062, biome=1.2, demand=1.5, gov=1.0, imp=5.96x (score=496), total=160434.50614089158, rate=0.1, tax=16043.450614089159
[17Feb2026 02:18:07.836] [Server thread/INFO] [statecraft_economy/]: Tax calculation for chunk (1, -1) dim='minecraft:overworld': base=10000.0, loc=1.497737258300203, biome=1.2, demand=1.5, gov=1.0, imp=5.64x (score=464), total=152050.2864626366, rate=0.1, tax=15205.028646263661
[17Feb2026 02:18:07.836] [Server thread/INFO] [statecraft_economy/]: Processing 1 cities for tax revenue mail
[17Feb2026 02:18:07.836] [Server thread/INFO] [statecraft_economy/]: City e60e5243-4f1a-4d4e-a2f2-a38d581090f4 has revenue: $59362.103260352815
[17Feb2026 02:18:07.836] [Server thread/INFO] [statecraft_economy/]: City keeps: $47489.68260828225, passes to state: $11872.420652070563
[17Feb2026 02:18:07.836] [Server thread/INFO] [statecraft_economy/]: Sending tax revenue mail to city: City1 (ID: e60e5243-4f1a-4d4e-a2f2-a38d581090f4)
[17Feb2026 02:18:07.836] [Server thread/INFO] [statecraft_economy/]: Sent tax revenue report to city City1 - collected: $59362.103260352815, kept: $47489.68260828225
[17Feb2026 02:18:07.836] [Server thread/INFO] [statecraft_economy/]: Sent tax revenue report to state State1 - received: $11872.420652070563, kept: $9497.936521656451
[17Feb2026 02:18:07.837] [Server thread/INFO] [statecraft_economy/]: Sent tax revenue report to nation Nation1 - received: $2374.4841304141128
[17Feb2026 02:18:07.837] [Server thread/INFO] [statecraft_economy/]: Tax collection complete: 4 chunks processed, $59362.10 collected, 0 negative balances, 0 repossessed
[17Feb2026 03:18:07.832] [Server thread/INFO] [statecraft_economy/]: Beginning tax collection cycle...
[17Feb2026 03:18:07.833] [Server thread/INFO] [statecraft_economy/]: Processing city e60e5243-4f1a-4d4e-a2f2-a38d581090f4 with tax rate: 0.1 (10.0%)
[17Feb2026 03:18:07.833] [Server thread/INFO] [statecraft_economy/]: Tax calculation for chunk (0, -1) dim='minecraft:overworld': base=10000.0, loc=1.4984, biome=1.2, demand=1.5, gov=1.0, imp=4.41x (score=341), total=118942.99199999998, rate=0.1, tax=11894.2992
[17Feb2026 03:18:07.833] [Server thread/INFO] [statecraft_economy/]: Tax calculation for chunk (0, -2) dim='minecraft:overworld': base=10000.0, loc=1.4968, biome=1.2, demand=1.5, gov=1.0, imp=6.0200000000000005x (score=502), total=162193.248, rate=0.1, tax=16219.3248
[17Feb2026 03:18:07.833] [Server thread/INFO] [statecraft_economy/]: Tax calculation for chunk (2, -2) dim='minecraft:overworld': base=10000.0, loc=1.4954745166004062, biome=1.2, demand=1.5, gov=1.0, imp=5.96x (score=496), total=160434.50614089158, rate=0.1, tax=16043.450614089159
[17Feb2026 03:18:07.833] [Server thread/INFO] [statecraft_economy/]: Tax calculation for chunk (1, -1) dim='minecraft:overworld': base=10000.0, loc=1.497737258300203, biome=1.2, demand=1.5, gov=1.0, imp=5.64x (score=464), total=152050.2864626366, rate=0.1, tax=15205.028646263661
[17Feb2026 03:18:07.833] [Server thread/INFO] [statecraft_economy/]: Processing 1 cities for tax revenue mail
[17Feb2026 03:18:07.833] [Server thread/INFO] [statecraft_economy/]: City e60e5243-4f1a-4d4e-a2f2-a38d581090f4 has revenue: $59362.103260352815
[17Feb2026 03:18:07.833] [Server thread/INFO] [statecraft_economy/]: City keeps: $47489.68260828225, passes to state: $11872.420652070563
[17Feb2026 03:18:07.833] [Server thread/INFO] [statecraft_economy/]: Sending tax revenue mail to city: City1 (ID: e60e5243-4f1a-4d4e-a2f2-a38d581090f4)
[17Feb2026 03:18:07.834] [Server thread/INFO] [statecraft_economy/]: Sent tax revenue report to city City1 - collected: $59362.103260352815, kept: $47489.68260828225
[17Feb2026 03:18:07.834] [Server thread/INFO] [statecraft_economy/]: Sent tax revenue report to state State1 - received: $11872.420652070563, kept: $9497.936521656451
[17Feb2026 03:18:07.834] [Server thread/INFO] [statecraft_economy/]: Sent tax revenue report to nation Nation1 - received: $2374.4841304141128
[17Feb2026 03:18:07.834] [Server thread/INFO] [statecraft_economy/]: Tax collection complete: 4 chunks processed, $59362.10 collected, 0 negative balances, 0 repossessed
[17Feb2026 04:18:07.831] [Server thread/INFO] [statecraft_economy/]: Beginning tax collection cycle...
[17Feb2026 04:18:07.832] [Server thread/INFO] [statecraft_economy/]: Processing city e60e5243-4f1a-4d4e-a2f2-a38d581090f4 with tax rate: 0.1 (10.0%)
[17Feb2026 04:18:07.832] [Server thread/INFO] [statecraft_economy/]: Tax calculation for chunk (0, -1) dim='minecraft:overworld': base=10000.0, loc=1.4984, biome=1.2, demand=1.5, gov=1.0, imp=4.41x (score=341), total=118942.99199999998, rate=0.1, tax=11894.2992
[17Feb2026 04:18:07.833] [Server thread/INFO] [statecraft_economy/]: Tax calculation for chunk (0, -2) dim='minecraft:overworld': base=10000.0, loc=1.4968, biome=1.2, demand=1.5, gov=1.0, imp=6.0200000000000005x (score=502), total=162193.248, rate=0.1, tax=16219.3248
[17Feb2026 04:18:07.833] [Server thread/INFO] [statecraft_economy/]: Tax calculation for chunk (2, -2) dim='minecraft:overworld': base=10000.0, loc=1.4954745166004062, biome=1.2, demand=1.5, gov=1.0, imp=5.96x (score=496), total=160434.50614089158, rate=0.1, tax=16043.450614089159
[17Feb2026 04:18:07.834] [Server thread/INFO] [statecraft_economy/]: Tax calculation for chunk (1, -1) dim='minecraft:overworld': base=10000.0, loc=1.497737258300203, biome=1.2, demand=1.5, gov=1.0, imp=5.64x (score=464), total=152050.2864626366, rate=0.1, tax=15205.028646263661
[17Feb2026 04:18:07.834] [Server thread/INFO] [statecraft_economy/]: Processing 1 cities for tax revenue mail
[17Feb2026 04:18:07.834] [Server thread/INFO] [statecraft_economy/]: City e60e5243-4f1a-4d4e-a2f2-a38d581090f4 has revenue: $59362.103260352815
[17Feb2026 04:18:07.834] [Server thread/INFO] [statecraft_economy/]: City keeps: $47489.68260828225, passes to state: $11872.420652070563
[17Feb2026 04:18:07.834] [Server thread/INFO] [statecraft_economy/]: Sending tax revenue mail to city: City1 (ID: e60e5243-4f1a-4d4e-a2f2-a38d581090f4)
[17Feb2026 04:18:07.834] [Server thread/INFO] [statecraft_economy/]: Sent tax revenue report to city City1 - collected: $59362.103260352815, kept: $47489.68260828225
[17Feb2026 04:18:07.835] [Server thread/INFO] [statecraft_economy/]: Sent tax revenue report to state State1 - received: $11872.420652070563, kept: $9497.936521656451
[17Feb2026 04:18:07.835] [Server thread/INFO] [statecraft_economy/]: Sent tax revenue report to nation Nation1 - received: $2374.4841304141128
[17Feb2026 04:18:07.836] [Server thread/INFO] [statecraft_economy/]: Tax collection complete: 4 chunks processed, $59362.10 collected, 0 negative balances, 0 repossessed
[17Feb2026 12:41:07.502] [Server thread/WARN] [net.minecraft.server.MinecraftServer/]: Can't keep up! Is the server overloaded? Running 28129547ms or 562590 ticks behind
[17Feb2026 13:06:54.790] [Server thread/INFO] [statecraft_economy/]: Beginning tax collection cycle...
[17Feb2026 13:06:54.791] [Server thread/INFO] [statecraft_economy/]: Processing city e60e5243-4f1a-4d4e-a2f2-a38d581090f4 with tax rate: 0.1 (10.0%)
[17Feb2026 13:06:54.791] [Server thread/INFO] [statecraft_economy/]: Tax calculation for chunk (0, -1) dim='minecraft:overworld': base=10000.0, loc=1.4984, biome=1.2, demand=1.5, gov=1.0, imp=4.41x (score=341), total=118942.99199999998, rate=0.1, tax=11894.2992
[17Feb2026 13:06:54.792] [Server thread/INFO] [statecraft_economy/]: Tax calculation for chunk (0, -2) dim='minecraft:overworld': base=10000.0, loc=1.4968, biome=1.2, demand=1.5, gov=1.0, imp=6.0200000000000005x (score=502), total=162193.248, rate=0.1, tax=16219.3248
[17Feb2026 13:06:54.792] [Server thread/INFO] [statecraft_economy/]: Tax calculation for chunk (2, -2) dim='minecraft:overworld': base=10000.0, loc=1.4954745166004062, biome=1.2, demand=1.5, gov=1.0, imp=5.96x (score=496), total=160434.50614089158, rate=0.1, tax=16043.450614089159
[17Feb2026 13:06:54.792] [Server thread/INFO] [statecraft_economy/]: Tax calculation for chunk (1, -1) dim='minecraft:overworld': base=10000.0, loc=1.497737258300203, biome=1.2, demand=1.5, gov=1.0, imp=5.64x (score=464), total=152050.2864626366, rate=0.1, tax=15205.028646263661
[17Feb2026 13:06:54.792] [Server thread/INFO] [statecraft_economy/]: Processing 1 cities for tax revenue mail
[17Feb2026 13:06:54.792] [Server thread/INFO] [statecraft_economy/]: City e60e5243-4f1a-4d4e-a2f2-a38d581090f4 has revenue: $59362.103260352815
[17Feb2026 13:06:54.792] [Server thread/INFO] [statecraft_economy/]: City keeps: $47489.68260828225, passes to state: $11872.420652070563
[17Feb2026 13:06:54.794] [Server thread/INFO] [statecraft_economy/]: Sending tax revenue mail to city: City1 (ID: e60e5243-4f1a-4d4e-a2f2-a38d581090f4)
[17Feb2026 13:06:54.794] [Server thread/INFO] [statecraft_economy/]: Sent tax revenue report to city City1 - collected: $59362.103260352815, kept: $47489.68260828225
[17Feb2026 13:06:54.794] [Server thread/INFO] [statecraft_economy/]: Sent tax revenue report to state State1 - received: $11872.420652070563, kept: $9497.936521656451
[17Feb2026 13:06:54.795] [Server thread/INFO] [statecraft_economy/]: Sent tax revenue report to nation Nation1 - received: $2374.4841304141128
[17Feb2026 13:06:54.795] [Server thread/INFO] [statecraft_economy/]: Tax collection complete: 4 chunks processed, $59362.10 collected, 0 negative balances, 0 repossessed
[17Feb2026 14:06:54.801] [Server thread/INFO] [statecraft_economy/]: Beginning tax collection cycle...
[17Feb2026 14:06:54.801] [Server thread/INFO] [statecraft_economy/]: Processing city e60e5243-4f1a-4d4e-a2f2-a38d581090f4 with tax rate: 0.1 (10.0%)
[17Feb2026 14:06:54.802] [Server thread/INFO] [statecraft_economy/]: Tax calculation for chunk (0, -1) dim='minecraft:overworld': base=10000.0, loc=1.4984, biome=1.2, demand=1.5, gov=1.0, imp=4.41x (score=341), total=118942.99199999998, rate=0.1, tax=11894.2992
[17Feb2026 14:06:54.802] [Server thread/INFO] [statecraft_economy/]: Tax calculation for chunk (0, -2) dim='minecraft:overworld': base=10000.0, loc=1.4968, biome=1.2, demand=1.5, gov=1.0, imp=6.0200000000000005x (score=502), total=162193.248, rate=0.1, tax=16219.3248
[17Feb2026 14:06:54.802] [Server thread/INFO] [statecraft_economy/]: Tax calculation for chunk (2, -2) dim='minecraft:overworld': base=10000.0, loc=1.4954745166004062, biome=1.2, demand=1.5, gov=1.0, imp=5.96x (score=496), total=160434.50614089158, rate=0.1, tax=16043.450614089159
[17Feb2026 14:06:54.802] [Server thread/INFO] [statecraft_economy/]: Tax calculation for chunk (1, -1) dim='minecraft:overworld': base=10000.0, loc=1.497737258300203, biome=1.2, demand=1.5, gov=1.0, imp=5.64x (score=464), total=152050.2864626366, rate=0.1, tax=15205.028646263661
[17Feb2026 14:06:54.802] [Server thread/INFO] [statecraft_economy/]: Processing 1 cities for tax revenue mail
[17Feb2026 14:06:54.802] [Server thread/INFO] [statecraft_economy/]: City e60e5243-4f1a-4d4e-a2f2-a38d581090f4 has revenue: $59362.103260352815
[17Feb2026 14:06:54.802] [Server thread/INFO] [statecraft_economy/]: City keeps: $47489.68260828225, passes to state: $11872.420652070563
[17Feb2026 14:06:54.802] [Server thread/INFO] [statecraft_economy/]: Sending tax revenue mail to city: City1 (ID: e60e5243-4f1a-4d4e-a2f2-a38d581090f4)
[17Feb2026 14:06:54.803] [Server thread/INFO] [statecraft_economy/]: Sent tax revenue report to city City1 - collected: $59362.103260352815, kept: $47489.68260828225
[17Feb2026 14:06:54.803] [Server thread/INFO] [statecraft_economy/]: Sent tax revenue report to state State1 - received: $11872.420652070563, kept: $9497.936521656451
[17Feb2026 14:06:54.805] [Server thread/INFO] [statecraft_economy/]: Sent tax revenue report to nation Nation1 - received: $2374.4841304141128
[17Feb2026 14:06:54.805] [Server thread/INFO] [statecraft_economy/]: Tax collection complete: 4 chunks processed, $59362.10 collected, 0 negative balances, 0 repossessed
